
> ocean-hero-app@0.1.0 build
> next build

   ▲ Next.js 15.1.6

   Creating an optimized production build ...
 ✓ Compiled successfully
   Linting and checking validity of types ...
   Collecting page data ...
   Generating static pages (0/4) ...
   Generating static pages (1/4) 
   Generating static pages (2/4) 
   Generating static pages (3/4) 
 ✓ Generating static pages (4/4)
   Finalizing page optimization ...
   Collecting build traces ...

Route (app)                              Size     First Load JS
┌ ○ /                                    21.5 kB         127 kB
└ ○ /_not-found                          979 B           106 kB
+ First Load JS shared by all            105 kB
  ├ chunks/4bd1b696-24b05fec8bffec13.js  52.9 kB
  ├ chunks/517-d49b1e6bf016612f.js       50.5 kB
  └ other shared chunks (total)          1.95 kB


○  (Static)  prerendered as static content

