
> ocean-hero-app@0.1.0 build
> next build

   ▲ Next.js 15.1.6

   Creating an optimized production build ...
Failed to compile.

./components/solution/AnalysisPanel.jsx
Module parse failed: Identifier 'RealCurrentDataProvider' has already been declared (9:9)
File was processed with these loaders:
 * ./node_modules/next/dist/build/webpack/loaders/next-flight-client-module-loader.js
 * ./node_modules/next/dist/build/webpack/loaders/next-swc-loader.js
You may need an additional loader to handle the result of these loaders.
| import { RealOceanDataProvider } from '@/data/RealOceanDataProvider';
| import { RealProfileDataProvider } from '@/data/RealProfileDataProvider';
> import { RealCurrentDataProvider } from '@/data/RealCurrentDataProvider';
| import { RealOceanDataProvider } from '@/data/RealOceanDataProvider';
| export default function AnalysisPanel({ depth, setDepth, isSurface, setIsSurface, selectedLocation, selectedDateIndex, setSelectedDateIndex, availableDates }) {

Import trace for requested module:
./components/solution/AnalysisPanel.jsx
./components/solution/SolutionWorkspace.jsx


> Build failed because of webpack errors
